// Vitest Snapshot v1

exports[`PokemonOptions Component > Debe de hacer el snapshot 1`] = `"<div class=\\"flex flex-col items-center justify-center\\"><button class=\\"font-bold py-2 px-4 rounded w-96 my-2 transition duration-500 ease-in-out transform hover:-translate-y-1 hover:scale-110 bg-blue-500 hover:bg-blue-700 text-white\\">Bulbasaur</button><button class=\\"font-bold py-2 px-4 rounded w-96 my-2 transition duration-500 ease-in-out transform hover:-translate-y-1 hover:scale-110 bg-blue-500 hover:bg-blue-700 text-white\\">Ivysaur</button><button class=\\"font-bold py-2 px-4 rounded w-96 my-2 transition duration-500 ease-in-out transform hover:-translate-y-1 hover:scale-110 bg-blue-500 hover:bg-blue-700 text-white\\">Venusaur</button><button class=\\"font-bold py-2 px-4 rounded w-96 my-2 transition duration-500 ease-in-out transform hover:-translate-y-1 hover:scale-110 bg-blue-500 hover:bg-blue-700 text-white\\">Charmander</button></div>"`;
